Using JVM version '17'
